n/Image_200.jpg
n/Image_199.jpg
n/Image_198.JPG
n/Image_196.jpg
n/Image_195.jpg
n/Image_194.jpg
n/Image_193.png
n/Image_192.jpg
n/Image_191.jpg
n/Image_190.PNG
n/Image_189.jpg
n/Image_188.jpg
n/Image_187.jpg
n/Image_186.jpg
n/Image_185.jpg
n/Image_184.jpg
n/Image_183.JPG
n/Image_182.jpg
n/Image_181.jpg
n/Image_180.jpg
n/Image_179.jpg
n/Image_178.jpg
n/Image_177.jpg
n/Image_176.jpg
n/Image_175.jpg
n/Image_174.jpg
n/Image_172.jpg
n/Image_171.jpg
n/Image_170.jpg
n/Image_169.jpg
n/Image_168.jpg
n/Image_167.png
n/Image_166.JPG
n/Image_165.jpg
n/Image_164.jpg
n/Image_163.jpg
n/Image_162.jpg
n/Image_161.jpg
n/Image_160.jpg
n/Image_159.jpg
n/Image_158.JPG
n/Image_157.jpg
n/Image_156.png
n/Image_155.JPG
n/Image_154.jpg
n/Image_153.jpg
n/Image_152.png
n/Image_151.jpg
n/Image_150.jpg
n/Image_149.jpg
n/Image_148.jpg
n/Image_147.jpg
n/Image_146.jpg
n/Image_145.jpg
n/Image_144.jpg
n/Image_143.jpg
n/Image_142.jpg
n/Image_141.jpg
n/Image_140.jpg
n/Image_139.jpg
n/Image_138.jpg
n/Image_137.JPG
n/Image_136.jpg
n/Image_134.jpg
n/Image_133.jpg
n/Image_132.png
n/Image_131.jpg
n/Image_130.jpg
n/Image_129.jpg
n/Image_128.png
n/Image_127.png
n/Image_126.jpg
n/Image_125.jpg
n/Image_124.jpg
n/Image_123.jpg
n/Image_122.JPG
n/Image_121.JPG
n/Image_120.jpg
n/Image_119.jpg
n/Image_118.jpg
n/Image_117.jpg
n/Image_116.jpg
n/Image_115.jpg
n/Image_114.jpg
n/Image_113.jpg
n/Image_112.png
n/Image_111.JPG
n/Image_110.jpg
n/Image_109.jpg
n/Image_108.jpg
n/Image_107.jpg
n/Image_106.jpg
n/Image_105.jpg
n/Image_104.jpg
n/Image_103.JPG
n/Image_102.jpg
n/Image_101.png
n/Image_100.jpg
n/Image_99.jpg
n/Image_98.jpg
n/Image_97.jpg
n/Image_96.jpg
n/Image_95.jpg
n/Image_94.jpg
n/Image_93.jpg
n/Image_92.JPG
n/Image_91.jpg
n/Image_90.jpg
n/Image_89.jpg
n/Image_88.jpg
n/Image_87.jpg
n/Image_86.jpg
n/Image_85.jpg
n/Image_84.bmp
n/Image_83.png
n/Image_82.jpg
n/Image_81.jpeg
n/Image_80.jpg
n/Image_79.jpg
n/Image_78.jpg
n/Image_77.jpg
n/Image_76.jpg
n/Image_75.jpg
n/Image_74.png
n/Image_73.jpg
n/Image_72.jpg
n/Image_71.JPG
n/Image_69.jpg
n/Image_68.jpg
n/Image_67.jpg
n/Image_66.png
n/Image_65.jpg
n/Image_64.jpg
n/Image_63.PNG
n/Image_62.jpg
n/Image_61.jpg
n/Image_60.jpg
n/Image_59.jpg
n/Image_58.jpg
n/Image_57.jpg
n/Image_56.JPG
n/Image_55.jpg
n/Image_54.jpg
n/Image_53.jpg
n/Image_52.jpg
n/Image_51.jpg
n/Image_50.jpg
n/Image_49.jpg
n/Image_48.jpg
n/Image_46.jpg
n/Image_45.jpg
n/Image_44.jpg
n/Image_43.jpg
n/Image_42.jpg
n/Image_41.png
n/Image_40.JPG
n/Image_39.jpg
n/Image_38.jpg
n/Image_37.jpg
n/Image_36.jpg
n/Image_35.jpg
n/Image_34.jpg
n/Image_33.jpg
n/Image_32.JPG
n/Image_31.jpg
n/Image_30.png
n/Image_29.JPG
n/Image_28.jpg
n/Image_27.jpg
n/Image_26.png
n/Image_25.jpg
n/Image_24.jpg
n/Image_23.jpg
n/Image_22.jpg
n/Image_21.jpg
n/Image_20.jpg
n/Image_19.jpg
n/Image_18.jpg
n/Image_17.jpg
n/Image_16.jpg
n/Image_15.jpg
n/Image_14.jpg
n/Image_13.jpg
n/Image_12.jpg
n/Image_11.JPG
n/Image_10.jpg
n/Image_8.jpg
n/Image_7.jpg
n/Image_6.png
n/Image_5.jpg
n/Image_4.jpg
n/Image_3.jpg
n/Image_2.png
n/Image_1.jpeg